[2026-06-10 22:53:22] UAOS NIGHT AGENT START
[2026-06-10 22:53:22] STOP OLD NODE
[2026-06-10 22:53:22] WRITE TASK QUEUE
[2026-06-10 22:53:22] INSTALL
[2026-06-10 22:53:22] RUN => npm_backend_install
[2026-06-10 22:53:23] RUN => npm_frontend_install
[2026-06-10 22:53:25] BUILD
[2026-06-10 22:53:25] RUN => frontend_build
[2026-06-10 22:53:26] START BACKEND
[2026-06-10 22:53:34] START FRONTEND
[2026-06-10 22:53:49] HEALTH CHECK
[2026-06-10 22:53:49] RUN => health_check
[2026-06-10 22:53:55] GIT STATUS
[2026-06-10 22:53:55] AUTO COMMIT
[2026-06-10 22:53:55] AUTO PUSH
[2026-06-10 22:53:57] WRITE AI TASKS
[2026-06-10 22:53:57] SLEEP 10 MIN
[2026-06-10 23:03:57] STOP OLD NODE
[2026-06-10 23:03:58] WRITE TASK QUEUE
[2026-06-10 23:03:58] INSTALL
[2026-06-10 23:03:58] RUN => npm_backend_install
[2026-06-10 23:03:59] RUN => npm_frontend_install
[2026-06-10 23:04:00] BUILD
[2026-06-10 23:04:00] RUN => frontend_build
[2026-06-10 23:04:01] START BACKEND
[2026-06-10 23:04:09] START FRONTEND
[2026-06-10 23:04:24] HEALTH CHECK
[2026-06-10 23:04:24] RUN => health_check
[2026-06-10 23:04:30] GIT STATUS
[2026-06-10 23:04:30] AUTO COMMIT
