[2026-07-06 19:59:48] [STEP] UAOS V1711 Owner Experimental CodeWriter MegaLauncher started
[2026-07-06 19:59:48] [INFO] RepoRoot: E:\keyboard-manager-clean
[2026-07-06 19:59:48] [INFO] FactoryRoot: E:\keyboard-manager-clean\uaos-ai-factory
[2026-07-06 19:59:48] [INFO] OldSourceRoot: C:\Users\ssare\Desktop\KORG_PA3X_RECOVERY_BACKUP_20260619-150450
[2026-07-06 19:59:48] [INFO] Mode: OWNER_EXPERIMENTAL_CODEWRITER_METADATA_ONLY
[2026-07-06 19:59:48] [INFO] Safety locks: writer_ready=false; safe_copy_allowed=0; no USB; no hardware; no deploy; no payment.
[2026-07-06 19:59:48] [WARN] Could not copy MegaLauncher into factory: Cannot overwrite the item E:\keyboard-manager-clean\uaos-ai-factory\RUN_UAOS_V1711_OWNER_EXPERIMENTAL_CODEWRITER_MEGALAUNCHER.ps1 with itself.
[2026-07-06 19:59:48] [STEP] Loading inventory with Count-safe parser
[2026-07-06 19:59:48] [INFO] Found inventory: E:\keyboard-manager-clean\uaos-ai-factory\uaos-v1705-virtual-new-set-inventory-builder\package\contents\virtual-set\02_SOURCE_INVENTORY\UAOS_BLOCKED_FILE_INVENTORY.json
[2026-07-06 19:59:48] [WARN] Inventory exists but produced 0 rows. Falling back to direct metadata scan.
[2026-07-06 19:59:48] [STEP] DIRECT_METADATA_SCAN: C:\Users\ssare\Desktop\KORG_PA3X_RECOVERY_BACKUP_20260619-150450
[2026-07-06 19:59:49] [PASS] Direct metadata rows: 305
[2026-07-07 06:28:47] [STEP] UAOS V1711 Owner Experimental CodeWriter MegaLauncher started
[2026-07-07 06:28:47] [INFO] RepoRoot: E:\keyboard-manager-clean
[2026-07-07 06:28:47] [INFO] FactoryRoot: E:\keyboard-manager-clean\uaos-ai-factory
[2026-07-07 06:28:47] [INFO] OldSourceRoot: C:\Users\ssare\Desktop\KORG_PA3X_RECOVERY_BACKUP_20260619-150450
[2026-07-07 06:28:47] [INFO] Mode: OWNER_EXPERIMENTAL_CODEWRITER_METADATA_ONLY
[2026-07-07 06:28:47] [INFO] Safety locks: writer_ready=false; safe_copy_allowed=0; no USB; no hardware; no deploy; no payment.
[2026-07-07 06:28:47] [WARN] Could not copy MegaLauncher into factory: Cannot overwrite the item E:\keyboard-manager-clean\uaos-ai-factory\RUN_UAOS_V1711_OWNER_EXPERIMENTAL_CODEWRITER_MEGALAUNCHER.ps1 with itself.
[2026-07-07 06:28:47] [STEP] Loading inventory with Count-safe parser
[2026-07-07 06:28:47] [INFO] Found inventory: E:\keyboard-manager-clean\uaos-ai-factory\uaos-v1705-virtual-new-set-inventory-builder\package\contents\virtual-set\02_SOURCE_INVENTORY\UAOS_BLOCKED_FILE_INVENTORY.json
[2026-07-07 06:28:48] [WARN] Inventory exists but produced 0 rows. Falling back to direct metadata scan.
[2026-07-07 06:28:48] [STEP] DIRECT_METADATA_SCAN: C:\Users\ssare\Desktop\KORG_PA3X_RECOVERY_BACKUP_20260619-150450
[2026-07-07 06:28:49] [PASS] Direct metadata rows: 305
[2026-07-07 07:02:29] [STEP] UAOS V1711 Owner Experimental CodeWriter MegaLauncher started
[2026-07-07 07:02:29] [INFO] RepoRoot: E:\keyboard-manager-clean
[2026-07-07 07:02:29] [INFO] FactoryRoot: E:\keyboard-manager-clean\uaos-ai-factory
[2026-07-07 07:02:29] [INFO] OldSourceRoot: C:\Users\ssare\Desktop\KORG_PA3X_RECOVERY_BACKUP_20260619-150450
[2026-07-07 07:02:29] [INFO] Mode: OWNER_EXPERIMENTAL_CODEWRITER_METADATA_ONLY
[2026-07-07 07:02:29] [INFO] Safety locks: writer_ready=false; safe_copy_allowed=0; no USB; no hardware; no deploy; no payment.
[2026-07-07 07:02:29] [WARN] Could not copy MegaLauncher into factory: Cannot overwrite the item E:\keyboard-manager-clean\uaos-ai-factory\RUN_UAOS_V1711_OWNER_EXPERIMENTAL_CODEWRITER_MEGALAUNCHER.ps1 with itself.
[2026-07-07 07:02:29] [STEP] Loading inventory with Count-safe parser
[2026-07-07 07:02:29] [INFO] Found inventory: E:\keyboard-manager-clean\uaos-ai-factory\uaos-v1705-virtual-new-set-inventory-builder\package\contents\virtual-set\02_SOURCE_INVENTORY\UAOS_BLOCKED_FILE_INVENTORY.json
[2026-07-07 07:02:29] [WARN] Inventory exists but produced 0 rows. Falling back to direct metadata scan.
[2026-07-07 07:02:29] [STEP] DIRECT_METADATA_SCAN: C:\Users\ssare\Desktop\KORG_PA3X_RECOVERY_BACKUP_20260619-150450
[2026-07-07 07:02:30] [PASS] Direct metadata rows: 305
[2026-07-07 07:02:31] [STEP] Building owner experimental metadata outputs
[2026-07-07 07:02:31] [PASS] Rows: 305
[2026-07-07 07:02:31] [PASS] Blocked metadata-only: 305
[2026-07-07 07:02:31] [PASS] Safe copy allowed: 0
[2026-07-07 07:02:31] [PASS] Writer-ready true rows: 0
[2026-07-07 07:02:31] [STEP] Writing owner experimental HTML workspace
[2026-07-07 07:02:31] [STEP] Writing CodeWriter owner experimental handoff
[2026-07-07 07:02:31] [PASS] Project owner experimental doc written: E:\keyboard-manager-clean\docs\UAOS_OWNER_EXPERIMENTAL_STAGE.md
[2026-07-07 07:02:31] [STEP] Running final validation
[2026-07-07 07:02:31] [STEP] Packaging owner experimental outputs
[2026-07-07 07:02:32] [PASS] Package created: E:\keyboard-manager-clean\uaos-ai-factory\uaos-v1711-owner-experimental-codewriter\package\UAOS_V1711_OWNER_EXPERIMENTAL_CODEWRITER_PACKAGE.zip
[2026-07-07 07:02:32] [PASS] Package SHA256: B63EB33582A036132DEC31898A1F2CA65230DB0B09D1087EDEBFA65A9261E63E
[2026-07-07 07:02:32] [STEP] Optional git commit
