[2026-07-07 06:59:57] [STEP] UAOS V1715 REAL OWNER LIBRARY WRITER-UP started
[2026-07-07 06:59:57] [INFO] InputRoot: E:\keyboard-manager-clean\uaos-owner-libraries\input
[2026-07-07 06:59:57] [INFO] OutputSetRoot: E:\keyboard-manager-clean\uaos-ai-factory\uaos-v1715-real-owner-library-writer-up\output\UAOS_OWNER_TEST_SET_001
[2026-07-07 06:59:57] [INFO] MegaLauncher already running from factory path.
[2026-07-07 06:59:57] [STEP] Scanning owner input folder
[2026-07-07 06:59:57] [PASS] Allowed audio files: 0
[2026-07-07 06:59:57] [INFO] Skipped files: 0
[2026-07-07 07:06:06] [STEP] UAOS V1715 REAL OWNER LIBRARY WRITER-UP started
[2026-07-07 07:06:06] [INFO] InputRoot: E:\keyboard-manager-clean\uaos-owner-libraries\input
[2026-07-07 07:06:06] [INFO] OutputSetRoot: E:\keyboard-manager-clean\uaos-ai-factory\uaos-v1715-real-owner-library-writer-up\output\UAOS_OWNER_TEST_SET_001
[2026-07-07 07:06:06] [INFO] MegaLauncher already running from factory path.
[2026-07-07 07:06:06] [STEP] Scanning owner input folder
[2026-07-07 07:06:06] [PASS] Allowed audio files: 0
[2026-07-07 07:06:06] [INFO] Skipped files: 0
[2026-07-07 07:07:08] [STEP] UAOS V1715 REAL OWNER LIBRARY WRITER-UP started
[2026-07-07 07:07:08] [INFO] InputRoot: E:\keyboard-manager-clean\uaos-owner-libraries\input
[2026-07-07 07:07:08] [INFO] OutputSetRoot: E:\keyboard-manager-clean\uaos-ai-factory\uaos-v1715-real-owner-library-writer-up\output\UAOS_OWNER_TEST_SET_001
[2026-07-07 07:07:08] [INFO] MegaLauncher already running from factory path.
[2026-07-07 07:07:08] [STEP] Scanning owner input folder
[2026-07-07 07:07:08] [PASS] Allowed audio files: 0
[2026-07-07 07:07:08] [INFO] Skipped files: 0
[2026-07-07 07:09:15] [STEP] UAOS V1715 REAL OWNER LIBRARY WRITER-UP started
[2026-07-07 07:09:15] [INFO] InputRoot: E:\keyboard-manager-clean\uaos-owner-libraries\input
[2026-07-07 07:09:15] [INFO] OutputSetRoot: E:\keyboard-manager-clean\uaos-ai-factory\uaos-v1715-real-owner-library-writer-up\output\UAOS_OWNER_TEST_SET_001
[2026-07-07 07:09:15] [INFO] MegaLauncher already running from factory path.
[2026-07-07 07:09:15] [STEP] Scanning owner input folder
[2026-07-07 07:09:15] [PASS] Allowed audio files: 0
[2026-07-07 07:09:15] [INFO] Skipped files: 0
[2026-07-07 07:09:16] [STEP] Packaging owner test set
[2026-07-07 07:09:16] [PASS] Package: E:\keyboard-manager-clean\uaos-ai-factory\uaos-v1715-real-owner-library-writer-up\package\UAOS_OWNER_TEST_SET_001_PACKAGE.zip
[2026-07-07 07:09:16] [PASS] Package SHA256: 1418FBFF023E9A943D0B6A56CB47B260C38EF1308C9AC347163CA41DE2221AA9
[2026-07-07 07:09:16] [STEP] Local git commit only
[2026-07-07 07:09:16] [WARN] UAOS V1715 created workspace but needs owner audio input
[2026-07-07 07:13:28] [STEP] UAOS V1715 REAL OWNER LIBRARY WRITER-UP started
[2026-07-07 07:13:28] [INFO] InputRoot: E:\keyboard-manager-clean\uaos-owner-libraries\input
[2026-07-07 07:13:28] [INFO] OutputSetRoot: E:\keyboard-manager-clean\uaos-ai-factory\uaos-v1715-real-owner-library-writer-up\output\UAOS_OWNER_TEST_SET_001
[2026-07-07 07:13:28] [INFO] MegaLauncher already running from factory path.
[2026-07-07 07:13:28] [STEP] Scanning owner input folder
[2026-07-07 07:13:28] [PASS] Allowed audio files: 24
[2026-07-07 07:13:28] [INFO] Skipped files: 0
[2026-07-07 07:13:30] [STEP] Packaging owner test set
[2026-07-07 07:13:36] [PASS] Package: E:\keyboard-manager-clean\uaos-ai-factory\uaos-v1715-real-owner-library-writer-up\package\UAOS_OWNER_TEST_SET_001_PACKAGE.zip
[2026-07-07 07:13:36] [PASS] Package SHA256: 005CF90B6E714F3C364096AFDF13AD887264F610D14A85F22C00141476CD350A
[2026-07-07 07:13:36] [STEP] Local git commit only
[2026-07-07 07:13:36] [PASS] UAOS V1715 REAL OWNER LIBRARY WRITER-UP complete
