[2026-07-06 23:05:18] [STEP] UAOS V1713 FINAL WRITER R2 started
[2026-07-06 23:05:18] [INFO] RepoRoot: E:\keyboard-manager-clean
[2026-07-06 23:05:18] [INFO] SourceV1712PhaseRoot: E:\keyboard-manager-clean\uaos-ai-factory\uaos-v1712-owner-experimental-codewriter
[2026-07-06 23:05:18] [INFO] OwnerDecisionsCsv: E:\keyboard-manager-clean\uaos-ai-factory\uaos-v1712-owner-experimental-codewriter\data\UAOS_V1712_OWNER_DECISIONS_APPROVED_BASELINE.csv
[2026-07-06 23:05:18] [INFO] WriterMode: FINAL_OWNER_DECISION_WRITER
[2026-07-06 23:05:18] [INFO] Final policy: final owner package only; no source copy; no keyboard binary output.
[2026-07-06 23:05:18] [INFO] MegaLauncher already running from factory path.
[2026-07-06 23:05:18] [STEP] Loading V1712 baseline and owner decisions
[2026-07-06 23:05:18] [PASS] V1712 status: OWNER_EXPERIMENTAL_READY
[2026-07-06 23:05:18] [PASS] Review rows: 305
[2026-07-06 23:05:18] [PASS] Decision rows: 305
[2026-07-06 23:05:18] [STEP] Building final owner ledger R2
[2026-07-06 23:05:19] [PASS] Final ledger rows: 305
[2026-07-06 23:05:19] [PASS] Missing decisions: 0
[2026-07-06 23:05:19] [PASS] Invalid decisions: 0
[2026-07-06 23:05:19] [PASS] Pending decisions: 0
[2026-07-06 23:05:19] [PASS] BKP not separated: 0
[2026-07-06 23:05:19] [PASS] Unexpected allow rows: 0
[2026-07-06 23:05:19] [STEP] Building final summaries R2
[2026-07-06 23:05:19] [STEP] Running final writer gates R2
[2026-07-06 23:05:19] [STEP] Writing final portal R2
[2026-07-06 23:06:41] [STEP] UAOS V1713 FINAL WRITER R3 started
[2026-07-06 23:06:41] [INFO] SourceV1712PhaseRoot: E:\keyboard-manager-clean\uaos-ai-factory\uaos-v1712-owner-experimental-codewriter
[2026-07-06 23:06:41] [INFO] OwnerDecisionsCsv: E:\keyboard-manager-clean\uaos-ai-factory\uaos-v1712-owner-experimental-codewriter\data\UAOS_V1712_OWNER_DECISIONS_APPROVED_BASELINE.csv
[2026-07-06 23:06:41] [INFO] Final policy: static final portal; no source copy; no keyboard binary output.
[2026-07-06 23:06:41] [INFO] MegaLauncher already running from factory path.
[2026-07-06 23:06:41] [STEP] Loading V1712 baseline and owner decisions
[2026-07-06 23:06:41] [PASS] V1712 status: OWNER_EXPERIMENTAL_READY
[2026-07-06 23:06:41] [PASS] Review rows: 305
[2026-07-06 23:06:41] [PASS] Decision rows: 305
[2026-07-06 23:06:41] [STEP] Building final owner ledger R3
[2026-07-06 23:06:42] [PASS] Final ledger rows: 305
[2026-07-06 23:06:42] [PASS] Missing decisions: 0
[2026-07-06 23:06:42] [PASS] Invalid decisions: 0
[2026-07-06 23:06:42] [PASS] Pending decisions: 0
[2026-07-06 23:06:42] [PASS] BKP not separated: 0
[2026-07-06 23:06:42] [PASS] Unexpected allow rows: 0
[2026-07-06 23:06:42] [STEP] Building summaries R3
[2026-07-06 23:06:42] [STEP] Writing static final portal R3
[2026-07-06 23:06:42] [STEP] Writing report, seal, validation R3
[2026-07-06 23:06:42] [STEP] Packaging final owner release R3
[2026-07-06 23:06:44] [PASS] Package: E:\keyboard-manager-clean\uaos-ai-factory\uaos-v1713-final-writer\package\UAOS_V1713_FINAL_WRITER_OWNER_PACKAGE.zip
[2026-07-06 23:06:44] [PASS] Package SHA256: D330A7D31A55E7A57AE4C34BD82229F002255AB691AD87722C2A63FE06EE63CD
[2026-07-06 23:06:44] [PASS] Final status doc: E:\keyboard-manager-clean\docs\UAOS_FINAL_WRITER_STATUS.md
[2026-07-06 23:06:44] [STEP] Optional git commit
[2026-07-06 23:06:44] [PASS] UAOS V1713 FINAL WRITER R3 complete
